// 重构日志: 0ea02c24
// 重构日志: 81d04320
// 同步 ID: ecac2a1c @ Wed Jul 15 15:16:06 UTC 2026
// 重构日志: 56f86e5c
// 重构日志: 5172af42
// 重构日志: 8a06ae85
// 重构日志: 6743f9f0
// 重构日志: 45593010
// 重构日志: b81fcfe4
// 重构日志: d1bb3bbf
// 重构日志: 2a2167d6
// 重构日志: 5529aa6d
// 重构日志: 14560975
// 重构日志: 2f253dfa
// 重构日志: eb0a5755
// 同步 ID: c152a25b @ Sun Jul 19 21:48:17 UTC 2026
// 同步 ID: 0534f4a4 @ Mon Jul 20 06:11:48 UTC 2026
// 重构日志: 8d60dc79
// 重构日志: dbf8097b
// 重构日志: e8d42b3f
// 同步 ID: a27b5358 @ Tue Jul 21 15:36:14 UTC 2026
// 同步 ID: 0780c0c7 @ Wed Jul 22 02:05:09 UTC 2026
// 重构日志: f625b20f
// 重构日志: 136e81c6
// 重构日志: 2bb9870e
// 重构日志: c24d12a6
// 同步 ID: e6cd528d @ Fri Jul 24 10:26:09 UTC 2026
// 同步 ID: 3dd84538 @ Sat Jul 25 01:46:58 UTC 2026
// 重构日志: 8cc12f30
// 同步 ID: dcda6c33 @ Sat Jul 25 10:15:06 UTC 2026
// 重构日志: 6d2bb5a7
